[index-2.html]
[backblue.gif]
[fade.gif]
[index.html]
[favicon.ico]
[icons/apple-touch-icon.png]
[banner.png]
[webmanifest.json]
[_next/static/css/23750979bf0f3f88.css]
[_next/static/chunks/polyfills-5cd94c89d3acac5f.js]
[_next/static/chunks/webpack-434fefa8f39d8fbc.js]
[_next/static/chunks/framework-bb5c596eafb42b22.js]
[index-3.html]
[_next/static/chunks/main-f0ab8ca0d8b8f804.js]
[_next/static/chunks/pages/_app-c7985a5ec6fc9050.js]
[_next/static/chunks/061e6b60-28bd444bb64e34ae.js]
[_next/static/chunks/0a6e12db-618a59df53cb564c.js]
[_next/static/chunks/fec483df-71868fa33bf66b62.js]
[_next/static/chunks/pages/index-ac613b75e724a6b6.js]
[_next/static/OVJhu7RMvjU3M9rI_fdRn/_buildManifest.js]
[_next/static/OVJhu7RMvjU3M9rI_fdRn/_ssgManifest.js]
[_next/static/chunks/710-c2b6c91af8d63157.js]
[_next/static/OVJhu7RMvjU3M9rI_fdRn/_middlewareManifest.js]
[index-2.html]
[index-3.html]
[index-4.html]
[banner.png]
[_next/static/chunks/polyfills-5cd94c89d3acac5f.js]
[_next/static/chunks/framework-bb5c596eafb42b22.js]
[404]
[_next/static/chunks/main-f0ab8ca0d8b8f804.js]
[_next/static/chunks/pages/_app-c7985a5ec6fc9050.js]
[_next/static/chunks/061e6b60-28bd444bb64e34ae.js]
[icons/404]
[_next/static/chunks/fec483df-71868fa33bf66b62.js]
[_next/static/chunks/0a6e12db-618a59df53cb564c.js]
[_next/static/chunks/710-c2b6c91af8d63157.js]
[_next/static/chunks/pages/index-ac613b75e724a6b6.js]
[webmanifest.json]
[_next/static/css/23750979bf0f3f88.css]
